SELECT
  "a"
FROM
  "b"
WHERE
  (
    "e" = 'a' AND
    "c" = 123
  ) OR
  (
    "d" = 1 AND
    NOT "x" = 1
  )
