SELECT
  DISTINCT ON (
    "a"
  )
  "a",
  "b"
FROM
  "c"
ORDER BY
  "a"
