SELECT
  DISTINCT
  "a",
  "b"
FROM
  "c"
ORDER BY
  "a"
