WITH x AS (
  SELECT
    "relkind",
    count(*)
  FROM
    "pg_class"
  GROUP BY
    1
)
SELECT
  count(*)
FROM
  "x"
